{
  "version": "1.5.0",
  "plugins_used": [
    {
      "name": "ArtifactoryDetector"
    },
    {
      "name": "AWSKeyDetector"
    },
    {
      "name": "AzureStorageKeyDetector"
    },
    {
      "name": "Base64HighEntropyString",
      "limit": 4.5
    },
    {
      "name": "BasicAuthDetector"
    },
    {
      "name": "CloudantDetector"
    },
    {
      "name": "DiscordBotTokenDetector"
    },
    {
      "name": "GitHubTokenDetector"
    },
    {
      "name": "GitLabTokenDetector"
    },
    {
      "name": "HexHighEntropyString",
      "limit": 3.0
    },
    {
      "name": "IbmCloudIamDetector"
    },
    {
      "name": "IbmCosHmacDetector"
    },
    {
      "name": "IPPublicDetector"
    },
    {
      "name": "JwtTokenDetector"
    },
    {
      "name": "KeywordDetector",
      "keyword_exclude": ""
    },
    {
      "name": "MailchimpDetector"
    },
    {
      "name": "NpmDetector"
    },
    {
      "name": "OpenAIDetector"
    },
    {
      "name": "PrivateKeyDetector"
    },
    {
      "name": "PypiTokenDetector"
    },
    {
      "name": "SendGridDetector"
    },
    {
      "name": "SlackDetector"
    },
    {
      "name": "SoftlayerDetector"
    },
    {
      "name": "SquareOAuthDetector"
    },
    {
      "name": "StripeDetector"
    },
    {
      "name": "TelegramBotTokenDetector"
    },
    {
      "name": "TwilioKeyDetector"
    }
  ],
  "filters_used": [
    {
      "path": "detect_secrets.filters.allowlist.is_line_allowlisted"
    },
    {
      "path": "detect_secrets.filters.common.is_baseline_file",
      "filename": ".secrets.baseline"
    },
    {
      "path": "detect_secrets.filters.common.is_ignored_due_to_verification_policies",
      "min_level": 2
    },
    {
      "path": "detect_secrets.filters.heuristic.is_indirect_reference"
    },
    {
      "path": "detect_secrets.filters.heuristic.is_likely_id_string"
    },
    {
      "path": "detect_secrets.filters.heuristic.is_lock_file"
    },
    {
      "path": "detect_secrets.filters.heuristic.is_not_alphanumeric_string"
    },
    {
      "path": "detect_secrets.filters.heuristic.is_potential_uuid"
    },
    {
      "path": "detect_secrets.filters.heuristic.is_prefixed_with_dollar_sign"
    },
    {
      "path": "detect_secrets.filters.heuristic.is_sequential_string"
    },
    {
      "path": "detect_secrets.filters.heuristic.is_swagger_file"
    },
    {
      "path": "detect_secrets.filters.heuristic.is_templated_secret"
    }
  ],
  "results": {
    "notebooks/qaqc_data_quality_vis.ipynb": [
      {
        "type": "Base64 High Entropy String",
        "filename": "notebooks/qaqc_data_quality_vis.ipynb",
        "hashed_secret": "1ef5bd5657ca71538d70e2c91f390a9dcfc2a8cc",
        "is_verified": false,
        "line_number": 597
      }
    ],
    "scripts/pcluster/README.md": [
      {
        "type": "Secret Keyword",
        "filename": "scripts/pcluster/README.md",
        "hashed_secret": "33f220dd67f717cc949db63e21c90e130a6137da",
        "is_verified": false,
        "line_number": 35
      }
    ],
    "scripts/pcluster/run_merge_missing_stations.sh": [
      {
        "type": "Secret Keyword",
        "filename": "scripts/pcluster/run_merge_missing_stations.sh",
        "hashed_secret": "b05ba860e48b5b43da91c79a61ecfae8168c2278",
        "is_verified": false,
        "line_number": 54
      }
    ],
    "scripts/pcluster/run_merge_template.sh": [
      {
        "type": "Secret Keyword",
        "filename": "scripts/pcluster/run_merge_template.sh",
        "hashed_secret": "b05ba860e48b5b43da91c79a61ecfae8168c2278",
        "is_verified": false,
        "line_number": 54
      }
    ],
    "scripts/pcluster/run_qaqc_missing.sh": [
      {
        "type": "Secret Keyword",
        "filename": "scripts/pcluster/run_qaqc_missing.sh",
        "hashed_secret": "b05ba860e48b5b43da91c79a61ecfae8168c2278",
        "is_verified": false,
        "line_number": 54
      }
    ],
    "scripts/pcluster/run_qaqc_template.sh": [
      {
        "type": "Secret Keyword",
        "filename": "scripts/pcluster/run_qaqc_template.sh",
        "hashed_secret": "b05ba860e48b5b43da91c79a61ecfae8168c2278",
        "is_verified": false,
        "line_number": 57
      }
    ]
  },
  "generated_at": "2026-07-02T17:04:27Z"
}
